../Core/Src/main.c:144:6:W5500_Write	32	static
../Core/Src/main.c:152:9:W5500_Read	24	static
../Core/Src/main.c:163:6:W5500_WriteN	40	static
../Core/Src/main.c:95:6:W5500_Init	16	static
../Core/Src/main.c:128:6:W5500_Send	16	static
../Core/Src/main.c:172:6:W5500_ReadN	40	static
../Core/Src/main.c:108:10:W5500_Recv	16	static
../Core/Src/main.c:181:6:Print	8	static
../Core/Src/main.c:188:6:SPI_Init	8	static
../Core/Src/main.c:205:6:UART_Init	8	static
../Core/Src/main.c:219:6:GPIO_Init	40	static
../Core/Src/main.c:246:6:SystemClock_Config	80	static
../Core/Src/main.c:59:5:main	8	static
